// Jest Snapshot v1, https://goo.gl/fbAQLP

exports[`should render Expense list item 1`] = `
<[object Object]
  className="list-item"
  to="/edit/1"
>
  <div>
    <h3
      className="list-item__title"
    >
      Rent
    </h3>
    <span
      className="list-item__sub-title"
    >
      December 28th, 1969
       
    </span>
  </div>
  <h3
    className="list-item__data"
  >
    $1,095.00
     
  </h3>
</[object Object]>
`;
